
Allocating common symbols
Common symbol       size              file

sSensorData         0x28              /tmp/ccmEopsh.o

Memory Configuration

Name             Origin             Length             Attributes
Flash            0x0000000000000000 0x000000000000ffff xr
InRam            0x0000000000010000 0x0000000000007fff xrw
ExRam            0x0000000000110000 0x000000000001ffff rw
*default*        0x0000000000000000 0xffffffffffffffff

Linker script and memory map

LOAD /tmp/ccmEopsh.o
LOAD /tmp/cchADDMl.o
                0x0000000000001fff                SensorDataLen = 0x1fff
                0x0000000000001fff                _MaxLoaderSize = SensorDataLen
                0x0000000000000000                . = 0x0

.text           0x0000000000000000       0xf8
 *(vectors)
 vectors        0x0000000000000000       0x20 /tmp/cchADDMl.o
 *(.text)
 .text          0x0000000000000020       0x70 /tmp/ccmEopsh.o
                0x0000000000000020                main
 .text          0x0000000000000090       0x68 /tmp/cchADDMl.o

.glue_7         0x00000000000000f8        0x0
 .glue_7        0x00000000000000f8        0x0 linker stubs

.glue_7t        0x00000000000000f8        0x0
 .glue_7t       0x00000000000000f8        0x0 linker stubs

.vfp11_veneer   0x00000000000000f8        0x0
 .vfp11_veneer  0x00000000000000f8        0x0 linker stubs

.v4_bx          0x00000000000000f8        0x0
 .v4_bx         0x00000000000000f8        0x0 linker stubs

.iplt           0x00000000000000f8        0x0
 .iplt          0x00000000000000f8        0x0 /tmp/ccmEopsh.o

.rodata         0x00000000000000f8        0x4
 *(.rodata)
 .rodata        0x00000000000000f8        0x4 /tmp/ccmEopsh.o
                0x00000000000000fc                flash_sdata = .

.rel.dyn        0x00000000000000fc        0x0
 .rel.iplt      0x00000000000000fc        0x0 /tmp/ccmEopsh.o
                0x00000000a0000000                . = 0xa0000000
                0x00000000a0000000                ram_sdata = .

.data           0x0000000000010000       0x1c load address 0x00000000000000fc
 *(.data)
 .data          0x0000000000010000       0x1c /tmp/ccmEopsh.o
                0x0000000000010000                gSensor
 .data          0x000000000001001c        0x0 /tmp/cchADDMl.o
                0x000000000001001c                ram_edata = .
                0xffffffff6001001c                data_size = (ram_edata - ram_sdata)
                0x000000000001001c                sbss = .

.igot.plt       0x000000000001001c        0x0 load address 0x0000000000000118
 .igot.plt      0x000000000001001c        0x0 /tmp/ccmEopsh.o

.bss            0x000000000001001c       0x2c load address 0x0000000000000118
 *(.bss)
 .bss           0x000000000001001c        0x4 /tmp/ccmEopsh.o
 .bss           0x0000000000010020        0x0 /tmp/cchADDMl.o
 COMMON         0x0000000000010020       0x28 /tmp/ccmEopsh.o
                0x0000000000010020                sSensorData
                0x0000000000010048                ebss = .
                0x000000000000002c                bss_size = (ebss - sbss)

Special         0x0000000000010048     0x1fff load address 0x0000000000000144
                0x0000000000010048                _SensorData = .
                0x0000000000012047                . = (. + SensorDataLen)
 *fill*         0x0000000000010048     0x1fff 
OUTPUT(csum.elf elf32-littlearm)

.comment        0x0000000000000000       0x7f
 .comment       0x0000000000000000       0x7f /tmp/ccmEopsh.o
                                         0x80 (size before relaxing)

.ARM.attributes
                0x0000000000000000       0x2e
 .ARM.attributes
                0x0000000000000000       0x30 /tmp/ccmEopsh.o
 .ARM.attributes
                0x0000000000000030       0x14 /tmp/cchADDMl.o
